// Jest Snapshot v1, https://goo.gl/fbAQLP

exports[`CartItemList component Renders correctly when list is empty 1`] = `
<div
  className="MuiPaper-root MuiPaper-elevation MuiPaper-rounded MuiPaper-elevation0 MuiAlert-root MuiAlert-standardInfo MuiAlert-standard css-3kfj0h-MuiPaper-root-MuiAlert-root"
  role="alert"
>
  <div
    className="MuiAlert-icon css-1ytlwq5-MuiAlert-icon"
  >
    <svg
      aria-hidden={true}
      className="MuiSvgIcon-root MuiSvgIcon-fontSizeInherit css-1vooibu-MuiSvgIcon-root"
      data-testid="InfoOutlinedIcon"
      focusable="false"
      viewBox="0 0 24 24"
    >
      <path
        d="M11,9H13V7H11M12,20C7.59,20 4,16.41 4,12C4,7.59 7.59,4 12,4C16.41,4 20,7.59 20, 12C20,16.41 16.41,20 12,20M12,2A10,10 0 0,0 2,12A10,10 0 0,0 12,22A10,10 0 0,0 22,12A10, 10 0 0,0 12,2M11,17H13V11H11V17Z"
      />
    </svg>
  </div>
  <div
    className="MuiAlert-message css-1pxa9xg-MuiAlert-message"
  >
    Your cart is empty!
  </div>
</div>
`;

exports[`CartItemList component Renders list 1`] = `
<ul
  className="MuiStack-root css-1k2rdr-MuiStack-root"
>
  <li>
    <div>
      Cart Item
    </div>
  </li>
  <li>
    <div>
      Cart Item
    </div>
  </li>
</ul>
`;
