// Jest Snapshot v1, https://goo.gl/fbAQLP

exports[`Pack container Renders error view 1`] = `
<div
  className="MuiPaper-root MuiPaper-elevation MuiPaper-rounded MuiPaper-elevation0 MuiAlert-root MuiAlert-filledError MuiAlert-filled css-1c3trtb-MuiPaper-root-MuiAlert-root"
  role="alert"
>
  <div
    className="MuiAlert-icon css-1ytlwq5-MuiAlert-icon"
  >
    <svg
      aria-hidden={true}
      className="MuiSvgIcon-root MuiSvgIcon-fontSizeInherit css-1vooibu-MuiSvgIcon-root"
      data-testid="ErrorOutlineIcon"
      focusable="false"
      viewBox="0 0 24 24"
    >
      <path
        d="M11 15h2v2h-2zm0-8h2v6h-2zm.99-5C6.47 2 2 6.48 2 12s4.47 10 9.99 10C17.52 22 22 17.52 22 12S17.52 2 11.99 2zM12 20c-4.42 0-8-3.58-8-8s3.58-8 8-8 8 3.58 8 8-3.58 8-8 8z"
      />
    </svg>
  </div>
  <div
    className="MuiAlert-message css-1pxa9xg-MuiAlert-message"
  >
    Unable to load prices!
  </div>
</div>
`;

exports[`Pack container Renders loading view 1`] = `
<div
  className="MuiStack-root css-163ljxj-MuiStack-root"
>
  <span
    aria-label="Loading prices"
    className="MuiCircularProgress-root MuiCircularProgress-indeterminate MuiCircularProgress-colorSecondary css-1szo49z-MuiCircularProgress-root"
    role="progressbar"
    style={
      {
        "height": 40,
        "width": 40,
      }
    }
  >
    <svg
      className="MuiCircularProgress-svg css-1idz92c-MuiCircularProgress-svg"
      viewBox="22 22 44 44"
    >
      <circle
        className="MuiCircularProgress-circle MuiCircularProgress-circleIndeterminate css-176wh8e-MuiCircularProgress-circle"
        cx={44}
        cy={44}
        fill="none"
        r={20.2}
        strokeWidth={3.6}
        style={{}}
      />
    </svg>
  </span>
</div>
`;

exports[`Pack container Renders price packs 1`] = `
<form
  className="MuiStack-root css-1cgqb3-MuiStack-root"
  onSubmit={[Function]}
>
  <h3
    className="MuiTypography-root MuiTypography-body1 css-ndaqpv-MuiTypography-root"
  >
    Select Pack
  </h3>
  <div
    className="MuiStack-root css-ku2emo-MuiStack-root"
  >
    <span
      className="MuiButtonBase-root MuiRadio-root MuiRadio-colorPrimary PrivateSwitchBase-root MuiRadio-root MuiRadio-colorPrimary MuiRadio-root MuiRadio-colorPrimary css-vqmohf-MuiButtonBase-root-MuiRadio-root"
      onBlur={[Function]}
      onContextMenu={[Function]}
      onDragLeave={[Function]}
      onFocus={[Function]}
      onKeyDown={[Function]}
      onKeyUp={[Function]}
      onMouseDown={[Function]}
      onMouseLeave={[Function]}
      onMouseUp={[Function]}
      onTouchEnd={[Function]}
      onTouchMove={[Function]}
      onTouchStart={[Function]}
      tabIndex={null}
    >
      <input
        aria-label="1 for 70"
        checked={false}
        className="PrivateSwitchBase-input css-1m9pwf3"
        disabled={false}
        name="price-packs"
        onChange={[Function]}
        required={false}
        type="radio"
        value={0}
      />
      <div
        className="MuiBox-root css-0"
      >
        <div
          className="MuiBox-root css-4f8iwy"
        >
          <span
            className="MuiTypography-root MuiTypography-overline css-1qfnaaq-MuiTypography-root"
          >
            Fixed Price
          </span>
        </div>
        <div
          className="MuiStack-root css-ah0cgr-MuiStack-root"
        >
          <div
            className="MuiStack-root css-1qdfthb-MuiStack-root"
          >
            <p
              className="MuiTypography-root MuiTypography-body1 css-ndaqpv-MuiTypography-root"
            >
              ₹
              70
            </p>
          </div>
          <span
            className="MuiTypography-root MuiTypography-caption css-1v2k9m3-MuiTypography-root"
          >
            1
             
            Nos
          </span>
        </div>
      </div>
    </span>
    <span
      aria-disabled={true}
      className="MuiButtonBase-root MuiRadio-root MuiRadio-colorPrimary Mui-disabled PrivateSwitchBase-root MuiRadio-root MuiRadio-colorPrimary Mui-disabled MuiRadio-root MuiRadio-colorPrimary css-vqmohf-MuiButtonBase-root-MuiRadio-root"
      onBlur={[Function]}
      onContextMenu={[Function]}
      onDragLeave={[Function]}
      onFocus={[Function]}
      onKeyDown={[Function]}
      onKeyUp={[Function]}
      onMouseDown={[Function]}
      onMouseLeave={[Function]}
      onMouseUp={[Function]}
      onTouchEnd={[Function]}
      onTouchMove={[Function]}
      onTouchStart={[Function]}
      tabIndex={-1}
    >
      <input
        aria-label="6 for 300"
        checked={false}
        className="PrivateSwitchBase-input css-1m9pwf3"
        disabled={true}
        name="price-packs"
        onChange={[Function]}
        required={false}
        type="radio"
        value={1}
      />
      <div
        className="MuiBox-root css-0"
      >
        <div
          className="MuiBox-root css-12xkctz"
        >
          <span
            className="MuiTypography-root MuiTypography-overline css-1qfnaaq-MuiTypography-root"
          >
            Out of Stock
          </span>
        </div>
        <div
          className="MuiStack-root css-ah0cgr-MuiStack-root"
        >
          <div
            className="MuiStack-root css-1qdfthb-MuiStack-root"
          >
            <p
              className="MuiTypography-root MuiTypography-body1 css-ndaqpv-MuiTypography-root"
            >
              ₹
              300
            </p>
            <p
              className="MuiTypography-root MuiTypography-body2 css-qc7gyi-MuiTypography-root"
            >
              ₹
              400
            </p>
          </div>
          <span
            className="MuiTypography-root MuiTypography-caption css-1v2k9m3-MuiTypography-root"
          >
            6
             
            Nos
          </span>
        </div>
      </div>
    </span>
  </div>
  <button
    className="MuiButtonBase-root MuiButton-root MuiButton-contained MuiButton-containedPrimary MuiButton-sizeMedium MuiButton-containedSizeMedium Mui-disabled MuiButton-root MuiButton-contained MuiButton-containedPrimary MuiButton-sizeMedium MuiButton-containedSizeMedium css-10ihbrb-MuiButtonBase-root-MuiButton-root"
    disabled={true}
    onBlur={[Function]}
    onContextMenu={[Function]}
    onDragLeave={[Function]}
    onFocus={[Function]}
    onKeyDown={[Function]}
    onKeyUp={[Function]}
    onMouseDown={[Function]}
    onMouseLeave={[Function]}
    onMouseUp={[Function]}
    onTouchEnd={[Function]}
    onTouchMove={[Function]}
    onTouchStart={[Function]}
    tabIndex={-1}
    type="submit"
  >
    <span
      className="MuiButton-startIcon MuiButton-iconSizeMedium css-1d6wzja-MuiButton-startIcon"
    >
      <svg
        aria-hidden={true}
        className="MuiSvgIcon-root MuiSvgIcon-fontSizeMedium css-i4bv87-MuiSvgIcon-root"
        data-testid="AddShoppingCartIcon"
        focusable="false"
        viewBox="0 0 24 24"
      >
        <path
          d="M11 9h2V6h3V4h-3V1h-2v3H8v2h3v3zm-4 9c-1.1 0-1.99.9-1.99 2S5.9 22 7 22s2-.9 2-2-.9-2-2-2zm10 0c-1.1 0-1.99.9-1.99 2s.89 2 1.99 2 2-.9 2-2-.9-2-2-2zm-9.83-3.25.03-.12.9-1.63h7.45c.75 0 1.41-.41 1.75-1.03l3.86-7.01L19.42 4h-.01l-1.1 2-2.76 5H8.53l-.13-.27L6.16 6l-.95-2-.94-2H1v2h2l3.6 7.59-1.35 2.45c-.16.28-.25.61-.25.96 0 1.1.9 2 2 2h12v-2H7.42c-.13 0-.25-.11-.25-.25z"
        />
      </svg>
    </span>
    Add to Cart
  </button>
</form>
`;
